ARM Linker, 4.1 [Build 567] [Standard]

==============================================================================

Section Cross References

    main.o(.text) refers to stm32f10x_usart.o(.text) for USART_SendData
    main.o(.text) refers to ffltui.o(.text) for __aeabi_ui2f
    main.o(.text) refers to fdiv.o(.text) for __aeabi_fdiv
    main.o(.text) refers to f2d.o(.text) for __aeabi_f2d
    main.o(.text) refers to printfa.o(i.__0printf) for __2printf
    main.o(.text) refers to switch.o(.text) for switch_Init
    main.o(.text) refers to pwm.o(.text) for pwm_init
    main.o(.text) refers to usart.o(.text) for usart_init
    main.o(.text) refers to stm32f10x_tim.o(.text) for TIM_SetCompare1
    main.o(.text) refers to stm32f10x_gpio.o(.text) for GPIO_ResetBits
    main.o(.text) refers to gps.o(.text) for GPS_Analysis
    main.o(.text) refers to control.o(.text) for setCarAdvance
    main.o(.text) refers to main.o(.data) for auchCRCHi
    main.o(.text) refers to stm32f10x_it.o(.bss) for gpsx
    main.o(.text) refers to stm32f10x_it.o(.data) for USART2_RX_STA
    main.o(.text) refers to dflti.o(.text) for __aeabi_i2d
    main.o(.text) refers to dmul.o(.text) for __aeabi_dmul
    main.o(.text) refers to ddiv.o(.text) for __aeabi_ddiv
    main.o(.text) refers to dfixi.o(.text) for __aeabi_d2iz
    stm32f10x_it.o(.text) refers to stm32f10x_exti.o(.text) for EXTI_GetITStatus
    stm32f10x_it.o(.text) refers to systick.o(.text) for delay_ms
    stm32f10x_it.o(.text) refers to stm32f10x_gpio.o(.text) for GPIO_ReadInputDataBit
    stm32f10x_it.o(.text) refers to stm32f10x_usart.o(.text) for USART_ClearFlag
    stm32f10x_it.o(.text) refers to stm32f10x_tim.o(.text) for TIM_SetCounter
    stm32f10x_it.o(.text) refers to stm32f10x_it.o(.data) for flag_full
    stm32f10x_it.o(.text) refers to stm32f10x_it.o(.bss) for rx_buffer
    system_stm32f10x.o(.text) refers to system_stm32f10x.o(.data) for SystemCoreClock
    startup_stm32f10x_hd.o(RESET) refers to startup_stm32f10x_hd.o(STACK) for __initial_sp
    startup_stm32f10x_hd.o(RESET) refers to startup_stm32f10x_hd.o(.text) for Reset_Handler
    startup_stm32f10x_hd.o(RESET) refers to stm32f10x_it.o(.text) for NMI_Handler
    startup_stm32f10x_hd.o(RESET) refers to timer7.o(.text) for TIM7_IRQHandler
    startup_stm32f10x_hd.o(.text) refers to system_stm32f10x.o(.text) for SystemInit
    startup_stm32f10x_hd.o(.text) refers to entry.o(.ARM.Collect$$$$00000000) for __main
    stm32f10x_gpio.o(.text) refers to stm32f10x_rcc.o(.text) for RCC_APB2PeriphResetCmd
    stm32f10x_rcc.o(.text) refers to stm32f10x_rcc.o(.data) for APBAHBPrescTable
    stm32f10x_usart.o(.text) refers to stm32f10x_rcc.o(.text) for RCC_APB2PeriphResetCmd
    stm32f10x_tim.o(.text) refers to stm32f10x_rcc.o(.text) for RCC_APB2PeriphResetCmd
    led.o(.text) refers to system_stm32f10x.o(.text) for SystemInit
    led.o(.text) refers to stm32f10x_rcc.o(.text) for RCC_APB2PeriphClockCmd
    led.o(.text) refers to stm32f10x_gpio.o(.text) for GPIO_Init
    beep.o(.text) refers to system_stm32f10x.o(.text) for SystemInit
    beep.o(.text) refers to stm32f10x_rcc.o(.text) for RCC_APB2PeriphClockCmd
    beep.o(.text) refers to stm32f10x_gpio.o(.text) for GPIO_Init
    beep.o(.text) refers to led.o(.text) for delay
    key.o(.text) refers to system_stm32f10x.o(.text) for SystemInit
    key.o(.text) refers to stm32f10x_rcc.o(.text) for RCC_APB2PeriphClockCmd
    key.o(.text) refers to stm32f10x_gpio.o(.text) for GPIO_Init
    usart.o(.text) refers to stm32f10x_rcc.o(.text) for RCC_APB2PeriphClockCmd
    usart.o(.text) refers to stm32f10x_gpio.o(.text) for GPIO_Init
    usart.o(.text) refers to stm32f10x_usart.o(.text) for USART_Init
    usart.o(.text) refers to misc.o(.text) for NVIC_PriorityGroupConfig
    usart.o(.text) refers to timer7.o(.text) for TIM7_Int_Init
    usart.o(.text) refers to stm32f10x_tim.o(.text) for TIM_Cmd
    usart.o(.text) refers to stm32f10x_it.o(.data) for USART2_RX_STA
    exti.o(.text) refers to stm32f10x_rcc.o(.text) for RCC_APB2PeriphClockCmd
    exti.o(.text) refers to stm32f10x_gpio.o(.text) for GPIO_Init
    exti.o(.text) refers to stm32f10x_exti.o(.text) for EXTI_Init
    exti.o(.text) refers to misc.o(.text) for NVIC_PriorityGroupConfig
    smg.o(.text) refers to stm32f10x_rcc.o(.text) for RCC_APB2PeriphClockCmd
    smg.o(.text) refers to stm32f10x_gpio.o(.text) for GPIO_Init
    smg.o(.text) refers to systick.o(.text) for delay_ms
    smg.o(.text) refers to smg.o(.data) for smgduan
    time.o(.text) refers to stm32f10x_rcc.o(.text) for RCC_APB1PeriphClockCmd
    time.o(.text) refers to stm32f10x_tim.o(.text) for TIM_ClearITPendingBit
    time.o(.text) refers to misc.o(.text) for NVIC_PriorityGroupConfig
    pwm.o(.text) refers to stm32f10x_rcc.o(.text) for RCC_APB2PeriphClockCmd
    pwm.o(.text) refers to stm32f10x_gpio.o(.text) for GPIO_Init
    pwm.o(.text) refers to stm32f10x_tim.o(.text) for TIM_TimeBaseInit
    switch.o(.text) refers to system_stm32f10x.o(.text) for SystemInit
    switch.o(.text) refers to stm32f10x_rcc.o(.text) for RCC_APB2PeriphClockCmd
    switch.o(.text) refers to stm32f10x_gpio.o(.text) for GPIO_Init
    control.o(.text) refers to stm32f10x_tim.o(.text) for TIM_SetCompare1
    control.o(.text) refers to dfltui.o(.text) for __aeabi_ui2d
    control.o(.text) refers to ddiv.o(.text) for __aeabi_ddiv
    control.o(.text) refers to dmul.o(.text) for __aeabi_dmul
    control.o(.text) refers to dadd.o(.text) for __aeabi_dadd
    control.o(.text) refers to dfixi.o(.text) for __aeabi_d2iz
    control.o(.text) refers to control.o(.data) for _carStat
    dht11.o(.text) refers to systick.o(.text) for delay_ms
    dht11.o(.text) refers to stm32f10x_rcc.o(.text) for RCC_APB2PeriphClockCmd
    dht11.o(.text) refers to stm32f10x_gpio.o(.text) for GPIO_Init
    gps.o(.text) refers to strstr.o(.text) for strstr
    timer7.o(.text) refers to stm32f10x_tim.o(.text) for TIM_GetITStatus
    timer7.o(.text) refers to stm32f10x_rcc.o(.text) for RCC_APB1PeriphClockCmd
    timer7.o(.text) refers to misc.o(.text) for NVIC_Init
    timer7.o(.text) refers to stm32f10x_it.o(.data) for USART2_RX_STA
    entry.o(.ARM.Collect$$$$00000000) refers (Special) to entry7.o(.ARM.Collect$$$$00000007) for _main_init
    entry.o(.ARM.Collect$$$$00000000) refers (Special) to entry5.o(.ARM.Collect$$$$00000004) for _main_scatterload
    entry.o(.ARM.Collect$$$$00000000) refers (Special) to entry2.o(.ARM.Collect$$$$00000001) for _main_stk
    printfb.o(i.__0fprintf$bare) refers to printfb.o(i._printf_core) for _printf_core
    printfb.o(i.__0fprintf$bare) refers to main.o(.text) for fputc
    printfb.o(i.__0printf$bare) refers to printfb.o(i._printf_core) for _printf_core
    printfb.o(i.__0printf$bare) refers to main.o(.text) for fputc
    printfb.o(i.__0printf$bare) refers to stdout.o(.data) for __stdout
    printfb.o(i.__0snprintf$bare) refers to printfb.o(i._printf_core) for _printf_core
    printfb.o(i.__0snprintf$bare) refers to printfb.o(i._snputc) for _snputc
    printfb.o(i.__0sprintf$bare) refers to printfb.o(i._printf_core) for _printf_core
    printfb.o(i.__0sprintf$bare) refers to printfb.o(i._sputc) for _sputc
    printfb.o(i.__0vfprintf$bare) refers to printfb.o(i._printf_core) for _printf_core
    printfb.o(i.__0vfprintf$bare) refers to main.o(.text) for fputc
    printfb.o(i.__0vprintf$bare) refers to printfb.o(i._printf_core) for _printf_core
    printfb.o(i.__0vprintf$bare) refers to main.o(.text) for fputc
    printfb.o(i.__0vprintf$bare) refers to stdout.o(.data) for __stdout
    printfb.o(i.__0vsnprintf$bare) refers to printfb.o(i._printf_core) for _printf_core
    printfb.o(i.__0vsnprintf$bare) refers to printfb.o(i._snputc) for _snputc
    printfb.o(i.__0vsprintf$bare) refers to printfb.o(i._printf_core) for _printf_core
    printfb.o(i.__0vsprintf$bare) refers to printfb.o(i._sputc) for _sputc
    printf0.o(i.__0fprintf$0) refers to printf0.o(i._printf_core) for _printf_core
    printf0.o(i.__0fprintf$0) refers to main.o(.text) for fputc
    printf0.o(i.__0printf$0) refers to printf0.o(i._printf_core) for _printf_core
    printf0.o(i.__0printf$0) refers to main.o(.text) for fputc
    printf0.o(i.__0printf$0) refers to stdout.o(.data) for __stdout
    printf0.o(i.__0snprintf$0) refers to printf0.o(i._printf_core) for _printf_core
    printf0.o(i.__0snprintf$0) refers to printf0.o(i._snputc) for _snputc
    printf0.o(i.__0sprintf$0) refers to printf0.o(i._printf_core) for _printf_core
    printf0.o(i.__0sprintf$0) refers to printf0.o(i._sputc) for _sputc
    printf0.o(i.__0vfprintf$0) refers to printf0.o(i._printf_core) for _printf_core
    printf0.o(i.__0vfprintf$0) refers to main.o(.text) for fputc
    printf0.o(i.__0vprintf$0) refers to printf0.o(i._printf_core) for _printf_core
    printf0.o(i.__0vprintf$0) refers to main.o(.text) for fputc
    printf0.o(i.__0vprintf$0) refers to stdout.o(.data) for __stdout
    printf0.o(i.__0vsnprintf$0) refers to printf0.o(i._printf_core) for _printf_core
    printf0.o(i.__0vsnprintf$0) refers to printf0.o(i._snputc) for _snputc
    printf0.o(i.__0vsprintf$0) refers to printf0.o(i._printf_core) for _printf_core
    printf0.o(i.__0vsprintf$0) refers to printf0.o(i._sputc) for _sputc
    printf1.o(i.__0fprintf$1) refers to printf1.o(i._printf_core) for _printf_core
    printf1.o(i.__0fprintf$1) refers to main.o(.text) for fputc
    printf1.o(i.__0printf$1) refers to printf1.o(i._printf_core) for _printf_core
    printf1.o(i.__0printf$1) refers to main.o(.text) for fputc
    printf1.o(i.__0printf$1) refers to stdout.o(.data) for __stdout
    printf1.o(i.__0snprintf$1) refers to printf1.o(i._printf_core) for _printf_core
    printf1.o(i.__0snprintf$1) refers to printf1.o(i._snputc) for _snputc
    printf1.o(i.__0sprintf$1) refers to printf1.o(i._printf_core) for _printf_core
    printf1.o(i.__0sprintf$1) refers to printf1.o(i._sputc) for _sputc
    printf1.o(i.__0vfprintf$1) refers to printf1.o(i._printf_core) for _printf_core
    printf1.o(i.__0vfprintf$1) refers to main.o(.text) for fputc
    printf1.o(i.__0vprintf$1) refers to printf1.o(i._printf_core) for _printf_core
    printf1.o(i.__0vprintf$1) refers to main.o(.text) for fputc
    printf1.o(i.__0vprintf$1) refers to stdout.o(.data) for __stdout
    printf1.o(i.__0vsnprintf$1) refers to printf1.o(i._printf_core) for _printf_core
    printf1.o(i.__0vsnprintf$1) refers to printf1.o(i._snputc) for _snputc
    printf1.o(i.__0vsprintf$1) refers to printf1.o(i._printf_core) for _printf_core
    printf1.o(i.__0vsprintf$1) refers to printf1.o(i._sputc) for _sputc
    printf1.o(i._printf_core) refers to uidiv.o(.text) for __aeabi_uidivmod
    printf2.o(i.__0fprintf$2) refers to printf2.o(i._printf_core) for _printf_core
    printf2.o(i.__0fprintf$2) refers to main.o(.text) for fputc
    printf2.o(i.__0printf$2) refers to printf2.o(i._printf_core) for _printf_core
    printf2.o(i.__0printf$2) refers to main.o(.text) for fputc
    printf2.o(i.__0printf$2) refers to stdout.o(.data) for __stdout
    printf2.o(i.__0snprintf$2) refers to printf2.o(i._printf_core) for _printf_core
    printf2.o(i.__0snprintf$2) refers to printf2.o(i._snputc) for _snputc
    printf2.o(i.__0sprintf$2) refers to printf2.o(i._printf_core) for _printf_core
    printf2.o(i.__0sprintf$2) refers to printf2.o(i._sputc) for _sputc
    printf2.o(i.__0vfprintf$2) refers to printf2.o(i._printf_core) for _printf_core
    printf2.o(i.__0vfprintf$2) refers to main.o(.text) for fputc
    printf2.o(i.__0vprintf$2) refers to printf2.o(i._printf_core) for _printf_core
    printf2.o(i.__0vprintf$2) refers to main.o(.text) for fputc
    printf2.o(i.__0vprintf$2) refers to stdout.o(.data) for __stdout
    printf2.o(i.__0vsnprintf$2) refers to printf2.o(i._printf_core) for _printf_core
    printf2.o(i.__0vsnprintf$2) refers to printf2.o(i._snputc) for _snputc
    printf2.o(i.__0vsprintf$2) refers to printf2.o(i._printf_core) for _printf_core
    printf2.o(i.__0vsprintf$2) refers to printf2.o(i._sputc) for _sputc
    printf3.o(i.__0fprintf$3) refers to printf3.o(i._printf_core) for _printf_core
    printf3.o(i.__0fprintf$3) refers to main.o(.text) for fputc
    printf3.o(i.__0printf$3) refers to printf3.o(i._printf_core) for _printf_core
    printf3.o(i.__0printf$3) refers to main.o(.text) for fputc
    printf3.o(i.__0printf$3) refers to stdout.o(.data) for __stdout
    printf3.o(i.__0snprintf$3) refers to printf3.o(i._printf_core) for _printf_core
    printf3.o(i.__0snprintf$3) refers to printf3.o(i._snputc) for _snputc
    printf3.o(i.__0sprintf$3) refers to printf3.o(i._printf_core) for _printf_core
    printf3.o(i.__0sprintf$3) refers to printf3.o(i._sputc) for _sputc
    printf3.o(i.__0vfprintf$3) refers to printf3.o(i._printf_core) for _printf_core
    printf3.o(i.__0vfprintf$3) refers to main.o(.text) for fputc
    printf3.o(i.__0vprintf$3) refers to printf3.o(i._printf_core) for _printf_core
    printf3.o(i.__0vprintf$3) refers to main.o(.text) for fputc
    printf3.o(i.__0vprintf$3) refers to stdout.o(.data) for __stdout
    printf3.o(i.__0vsnprintf$3) refers to printf3.o(i._printf_core) for _printf_core
    printf3.o(i.__0vsnprintf$3) refers to printf3.o(i._snputc) for _snputc
    printf3.o(i.__0vsprintf$3) refers to printf3.o(i._printf_core) for _printf_core
    printf3.o(i.__0vsprintf$3) refers to printf3.o(i._sputc) for _sputc
    printf3.o(i._printf_core) refers to uidiv.o(.text) for __aeabi_uidivmod
    printf4.o(i.__0fprintf$4) refers to printf4.o(i._printf_core) for _printf_core
    printf4.o(i.__0fprintf$4) refers to main.o(.text) for fputc
    printf4.o(i.__0printf$4) refers to printf4.o(i._printf_core) for _printf_core
    printf4.o(i.__0printf$4) refers to main.o(.text) for fputc
    printf4.o(i.__0printf$4) refers to stdout.o(.data) for __stdout
    printf4.o(i.__0snprintf$4) refers to printf4.o(i._printf_core) for _printf_core
    printf4.o(i.__0snprintf$4) refers to printf4.o(i._snputc) for _snputc
    printf4.o(i.__0sprintf$4) refers to printf4.o(i._printf_core) for _printf_core
    printf4.o(i.__0sprintf$4) refers to printf4.o(i._sputc) for _sputc
    printf4.o(i.__0vfprintf$4) refers to printf4.o(i._printf_core) for _printf_core
    printf4.o(i.__0vfprintf$4) refers to main.o(.text) for fputc
    printf4.o(i.__0vprintf$4) refers to printf4.o(i._printf_core) for _printf_core
    printf4.o(i.__0vprintf$4) refers to main.o(.text) for fputc
    printf4.o(i.__0vprintf$4) refers to stdout.o(.data) for __stdout
    printf4.o(i.__0vsnprintf$4) refers to printf4.o(i._printf_core) for _printf_core
    printf4.o(i.__0vsnprintf$4) refers to printf4.o(i._snputc) for _snputc
    printf4.o(i.__0vsprintf$4) refers to printf4.o(i._printf_core) for _printf_core
    printf4.o(i.__0vsprintf$4) refers to printf4.o(i._sputc) for _sputc
    printf4.o(i._printf_core) refers to uldiv.o(.text) for __aeabi_uldivmod
    printf5.o(i.__0fprintf$5) refers to printf5.o(i._printf_core) for _printf_core
    printf5.o(i.__0fprintf$5) refers to main.o(.text) for fputc
    printf5.o(i.__0printf$5) refers to printf5.o(i._printf_core) for _printf_core
    printf5.o(i.__0printf$5) refers to main.o(.text) for fputc
    printf5.o(i.__0printf$5) refers to stdout.o(.data) for __stdout
    printf5.o(i.__0snprintf$5) refers to printf5.o(i._printf_core) for _printf_core
    printf5.o(i.__0snprintf$5) refers to printf5.o(i._snputc) for _snputc
    printf5.o(i.__0sprintf$5) refers to printf5.o(i._printf_core) for _printf_core
    printf5.o(i.__0sprintf$5) refers to printf5.o(i._sputc) for _sputc
    printf5.o(i.__0vfprintf$5) refers to printf5.o(i._printf_core) for _printf_core
    printf5.o(i.__0vfprintf$5) refers to main.o(.text) for fputc
    printf5.o(i.__0vprintf$5) refers to printf5.o(i._printf_core) for _printf_core
    printf5.o(i.__0vprintf$5) refers to main.o(.text) for fputc
    printf5.o(i.__0vprintf$5) refers to stdout.o(.data) for __stdout
    printf5.o(i.__0vsnprintf$5) refers to printf5.o(i._printf_core) for _printf_core
    printf5.o(i.__0vsnprintf$5) refers to printf5.o(i._snputc) for _snputc
    printf5.o(i.__0vsprintf$5) refers to printf5.o(i._printf_core) for _printf_core
    printf5.o(i.__0vsprintf$5) refers to printf5.o(i._sputc) for _sputc
    printf5.o(i._printf_core) refers to uldiv.o(.text) for __aeabi_uldivmod
    printf6.o(i.__0fprintf$6) refers to printf6.o(i._printf_core) for _printf_core
    printf6.o(i.__0fprintf$6) refers to main.o(.text) for fputc
    printf6.o(i.__0printf$6) refers to printf6.o(i._printf_core) for _printf_core
    printf6.o(i.__0printf$6) refers to main.o(.text) for fputc
    printf6.o(i.__0printf$6) refers to stdout.o(.data) for __stdout
    printf6.o(i.__0snprintf$6) refers to printf6.o(i._printf_core) for _printf_core
    printf6.o(i.__0snprintf$6) refers to printf6.o(i._snputc) for _snputc
    printf6.o(i.__0sprintf$6) refers to printf6.o(i._printf_core) for _printf_core
    printf6.o(i.__0sprintf$6) refers to printf6.o(i._sputc) for _sputc
    printf6.o(i.__0vfprintf$6) refers to printf6.o(i._printf_core) for _printf_core
    printf6.o(i.__0vfprintf$6) refers to main.o(.text) for fputc
    printf6.o(i.__0vprintf$6) refers to printf6.o(i._printf_core) for _printf_core
    printf6.o(i.__0vprintf$6) refers to main.o(.text) for fputc
    printf6.o(i.__0vprintf$6) refers to stdout.o(.data) for __stdout
    printf6.o(i.__0vsnprintf$6) refers to printf6.o(i._printf_core) for _printf_core
    printf6.o(i.__0vsnprintf$6) refers to printf6.o(i._snputc) for _snputc
    printf6.o(i.__0vsprintf$6) refers to printf6.o(i._printf_core) for _printf_core
    printf6.o(i.__0vsprintf$6) refers to printf6.o(i._sputc) for _sputc
    printf6.o(i._printf_core) refers to printf6.o(i._printf_pre_padding) for _printf_pre_padding
    printf6.o(i._printf_core) refers to uidiv.o(.text) for __aeabi_uidivmod
    printf6.o(i._printf_core) refers to printf6.o(i._printf_post_padding) for _printf_post_padding
    printf7.o(i.__0fprintf$7) refers to printf7.o(i._printf_core) for _printf_core
    printf7.o(i.__0fprintf$7) refers to main.o(.text) for fputc
    printf7.o(i.__0printf$7) refers to printf7.o(i._printf_core) for _printf_core
    printf7.o(i.__0printf$7) refers to main.o(.text) for fputc
    printf7.o(i.__0printf$7) refers to stdout.o(.data) for __stdout
    printf7.o(i.__0snprintf$7) refers to printf7.o(i._printf_core) for _printf_core
    printf7.o(i.__0snprintf$7) refers to printf7.o(i._snputc) for _snputc
    printf7.o(i.__0sprintf$7) refers to printf7.o(i._printf_core) for _printf_core
    printf7.o(i.__0sprintf$7) refers to printf7.o(i._sputc) for _sputc
    printf7.o(i.__0vfprintf$7) refers to printf7.o(i._printf_core) for _printf_core
    printf7.o(i.__0vfprintf$7) refers to main.o(.text) for fputc
    printf7.o(i.__0vprintf$7) refers to printf7.o(i._printf_core) for _printf_core
    printf7.o(i.__0vprintf$7) refers to main.o(.text) for fputc
    printf7.o(i.__0vprintf$7) refers to stdout.o(.data) for __stdout
    printf7.o(i.__0vsnprintf$7) refers to printf7.o(i._printf_core) for _printf_core
    printf7.o(i.__0vsnprintf$7) refers to printf7.o(i._snputc) for _snputc
    printf7.o(i.__0vsprintf$7) refers to printf7.o(i._printf_core) for _printf_core
    printf7.o(i.__0vsprintf$7) refers to printf7.o(i._sputc) for _sputc
    printf7.o(i._printf_core) refers to printf7.o(i._printf_pre_padding) for _printf_pre_padding
    printf7.o(i._printf_core) refers to uldiv.o(.text) for __aeabi_uldivmod
    printf7.o(i._printf_core) refers to printf7.o(i._printf_post_padding) for _printf_post_padding
    printf8.o(i.__0fprintf$8) refers to printf8.o(i._printf_core) for _printf_core
    printf8.o(i.__0fprintf$8) refers to main.o(.text) for fputc
    printf8.o(i.__0printf$8) refers to printf8.o(i._printf_core) for _printf_core
    printf8.o(i.__0printf$8) refers to main.o(.text) for fputc
    printf8.o(i.__0printf$8) refers to stdout.o(.data) for __stdout
    printf8.o(i.__0snprintf$8) refers to printf8.o(i._printf_core) for _printf_core
    printf8.o(i.__0snprintf$8) refers to printf8.o(i._snputc) for _snputc
    printf8.o(i.__0sprintf$8) refers to printf8.o(i._printf_core) for _printf_core
    printf8.o(i.__0sprintf$8) refers to printf8.o(i._sputc) for _sputc
    printf8.o(i.__0vfprintf$8) refers to printf8.o(i._printf_core) for _printf_core
    printf8.o(i.__0vfprintf$8) refers to main.o(.text) for fputc
    printf8.o(i.__0vprintf$8) refers to printf8.o(i._printf_core) for _printf_core
    printf8.o(i.__0vprintf$8) refers to main.o(.text) for fputc
    printf8.o(i.__0vprintf$8) refers to stdout.o(.data) for __stdout
    printf8.o(i.__0vsnprintf$8) refers to printf8.o(i._printf_core) for _printf_core
    printf8.o(i.__0vsnprintf$8) refers to printf8.o(i._snputc) for _snputc
    printf8.o(i.__0vsprintf$8) refers to printf8.o(i._printf_core) for _printf_core
    printf8.o(i.__0vsprintf$8) refers to printf8.o(i._sputc) for _sputc
    printf8.o(i._printf_core) refers to printf8.o(i._printf_pre_padding) for _printf_pre_padding
    printf8.o(i._printf_core) refers to uldiv.o(.text) for __aeabi_uldivmod
    printf8.o(i._printf_core) refers to printf8.o(i._printf_post_padding) for _printf_post_padding
    printfa.o(i.__0fprintf) refers (Special) to iusefp.o(.text) for __I$use$fp
    printfa.o(i.__0fprintf) refers to printfa.o(i._printf_core) for _printf_core
    printfa.o(i.__0fprintf) refers to main.o(.text) for fputc
    printfa.o(i.__0printf) refers (Special) to iusefp.o(.text) for __I$use$fp
    printfa.o(i.__0printf) refers to printfa.o(i._printf_core) for _printf_core
    printfa.o(i.__0printf) refers to main.o(.text) for fputc
    printfa.o(i.__0printf) refers to stdout.o(.data) for __stdout
    printfa.o(i.__0snprintf) refers (Special) to iusefp.o(.text) for __I$use$fp
    printfa.o(i.__0snprintf) refers to printfa.o(i._printf_core) for _printf_core
    printfa.o(i.__0snprintf) refers to printfa.o(i._snputc) for _snputc
    printfa.o(i.__0sprintf) refers (Special) to iusefp.o(.text) for __I$use$fp
    printfa.o(i.__0sprintf) refers to printfa.o(i._printf_core) for _printf_core
    printfa.o(i.__0sprintf) refers to printfa.o(i._sputc) for _sputc
    printfa.o(i.__0vfprintf) refers (Special) to iusefp.o(.text) for __I$use$fp
    printfa.o(i.__0vfprintf) refers to printfa.o(i._printf_core) for _printf_core
    printfa.o(i.__0vfprintf) refers to main.o(.text) for fputc
    printfa.o(i.__0vprintf) refers (Special) to iusefp.o(.text) for __I$use$fp
    printfa.o(i.__0vprintf) refers to printfa.o(i._printf_core) for _printf_core
    printfa.o(i.__0vprintf) refers to main.o(.text) for fputc
    printfa.o(i.__0vprintf) refers to stdout.o(.data) for __stdout
    printfa.o(i.__0vsnprintf) refers (Special) to iusefp.o(.text) for __I$use$fp
    printfa.o(i.__0vsnprintf) refers to printfa.o(i._printf_core) for _printf_core
    printfa.o(i.__0vsnprintf) refers to printfa.o(i._snputc) for _snputc
    printfa.o(i.__0vsprintf) refers (Special) to iusefp.o(.text) for __I$use$fp
    printfa.o(i.__0vsprintf) refers to printfa.o(i._printf_core) for _printf_core
    printfa.o(i.__0vsprintf) refers to printfa.o(i._sputc) for _sputc
    printfa.o(i._fp_digits) refers (Special) to iusefp.o(.text) for __I$use$fp
    printfa.o(i._fp_digits) refers to dmul.o(.text) for __aeabi_dmul
    printfa.o(i._fp_digits) refers to ddiv.o(.text) for __aeabi_ddiv
    printfa.o(i._fp_digits) refers to cdrcmple.o(.text) for __aeabi_cdrcmple
    printfa.o(i._fp_digits) refers to dadd.o(.text) for __aeabi_dadd
    printfa.o(i._fp_digits) refers to dfixul.o(.text) for __aeabi_d2ulz
    printfa.o(i._fp_digits) refers to uldiv.o(.text) for __aeabi_uldivmod
    printfa.o(i._printf_core) refers (Special) to iusefp.o(.text) for __I$use$fp
    printfa.o(i._printf_core) refers to printfa.o(i._printf_pre_padding) for _printf_pre_padding
    printfa.o(i._printf_core) refers to uldiv.o(.text) for __aeabi_uldivmod
    printfa.o(i._printf_core) refers to printfa.o(i._printf_post_padding) for _printf_post_padding
    printfa.o(i._printf_core) refers to printfa.o(i._fp_digits) for _fp_digits
    printfa.o(i._printf_core) refers to uidiv.o(.text) for __aeabi_uidivmod
    printfa.o(i._printf_post_padding) refers (Special) to iusefp.o(.text) for __I$use$fp
    printfa.o(i._printf_pre_padding) refers (Special) to iusefp.o(.text) for __I$use$fp
    printfa.o(i._snputc) refers (Special) to iusefp.o(.text) for __I$use$fp
    printfa.o(i._sputc) refers (Special) to iusefp.o(.text) for __I$use$fp
    fdiv.o(.text) refers (Special) to iusefp.o(.text) for __I$use$fp
    fdiv.o(.text) refers to fepilogue.o(.text) for _float_round
    dadd.o(.text) refers (Special) to iusefp.o(.text) for __I$use$fp
    dadd.o(.text) refers to llshl.o(.text) for __aeabi_llsl
    dadd.o(.text) refers to llsshr.o(.text) for __aeabi_lasr
    dadd.o(.text) refers to depilogue.o(.text) for _double_epilogue
    dmul.o(.text) refers (Special) to iusefp.o(.text) for __I$use$fp
    dmul.o(.text) refers to depilogue.o(.text) for _double_epilogue
    ddiv.o(.text) refers (Special) to iusefp.o(.text) for __I$use$fp
    ddiv.o(.text) refers to depilogue.o(.text) for _double_round
    ffltui.o(.text) refers (Special) to iusefp.o(.text) for __I$use$fp
    ffltui.o(.text) refers to fepilogue.o(.text) for _float_epilogue
    dflti.o(.text) refers (Special) to iusefp.o(.text) for __I$use$fp
    dflti.o(.text) refers to depilogue.o(.text) for _double_epilogue
    dfltui.o(.text) refers (Special) to iusefp.o(.text) for __I$use$fp
    dfltui.o(.text) refers to depilogue.o(.text) for _double_epilogue
    dfixi.o(.text) refers (Special) to iusefp.o(.text) for __I$use$fp
    dfixi.o(.text) refers to llushr.o(.text) for __aeabi_llsr
    f2d.o(.text) refers (Special) to iusefp.o(.text) for __I$use$fp
    entry2.o(.ARM.Collect$$$$00000001) refers to entry2.o(.ARM.Collect$$$$00002712) for __lit__00000000
    entry2.o(.ARM.Collect$$$$00002712) refers to startup_stm32f10x_hd.o(STACK) for __initial_sp
    entry2.o(__vectab_stack_and_reset_area) refers to startup_stm32f10x_hd.o(STACK) for __initial_sp
    entry2.o(__vectab_stack_and_reset_area) refers to entry.o(.ARM.Collect$$$$00000000) for __main
    entry5.o(.ARM.Collect$$$$00000004) refers to init.o(.text) for __scatterload
    entry7.o(.ARM.Collect$$$$00000007) refers to main.o(.text) for main
    uldiv.o(.text) refers to llushr.o(.text) for __aeabi_llsr
    uldiv.o(.text) refers to llshl.o(.text) for __aeabi_llsl
    depilogue.o(.text) refers to llshl.o(.text) for __aeabi_llsl
    depilogue.o(.text) refers to llushr.o(.text) for __aeabi_llsr
    dfixul.o(.text) refers to llushr.o(.text) for __aeabi_llsr
    dfixul.o(.text) refers to llshl.o(.text) for __aeabi_llsl
    init.o(.text) refers to entry5.o(.ARM.Collect$$$$00000004) for __main_after_scatterload


==============================================================================

Removing Unused input sections from the image.

    Removing core_cm3.o(.emb_text), (32 bytes).
    Removing startup_stm32f10x_hd.o(HEAP), (512 bytes).
    Removing led.o(.text), (236 bytes).
    Removing beep.o(.text), (144 bytes).
    Removing key.o(.text), (84 bytes).
    Removing exti.o(.text), (124 bytes).
    Removing smg.o(.text), (84 bytes).
    Removing smg.o(.data), (16 bytes).
    Removing time.o(.text), (112 bytes).
    Removing dht11.o(.text), (428 bytes).

10 unused section(s) (total 1772 bytes) removed from the image.

==============================================================================

Image Symbol Table

    Local Symbols

    Symbol Name                              Value     Ov Type        Size  Object(Section)

    ../../../cmprslib/zerorunl2.c            0x00000000   Number         0  __dczerorl2.o ABSOLUTE
    ../../microlib/division.c                0x00000000   Number         0  uidiv.o ABSOLUTE
    ../../microlib/division.c                0x00000000   Number         0  uldiv.o ABSOLUTE
    ../../microlib/f2d.c                     0x00000000   Number         0  f2d.o ABSOLUTE
    ../../microlib/fpadd.c                   0x00000000   Number         0  dadd.o ABSOLUTE
    ../../microlib/fpdiv.c                   0x00000000   Number         0  ddiv.o ABSOLUTE
    ../../microlib/fpdiv.c                   0x00000000   Number         0  fdiv.o ABSOLUTE
    ../../microlib/fpepilogue.c              0x00000000   Number         0  fepilogue.o ABSOLUTE
    ../../microlib/fpepilogue.c              0x00000000   Number         0  depilogue.o ABSOLUTE
    ../../microlib/fpfix.c                   0x00000000   Number         0  dfixul.o ABSOLUTE
    ../../microlib/fpfix.c                   0x00000000   Number         0  dfixi.o ABSOLUTE
    ../../microlib/fpflt.c                   0x00000000   Number         0  dfltui.o ABSOLUTE
    ../../microlib/fpflt.c                   0x00000000   Number         0  dflti.o ABSOLUTE
    ../../microlib/fpflt.c                   0x00000000   Number         0  ffltui.o ABSOLUTE
    ../../microlib/fpmul.c                   0x00000000   Number         0  dmul.o ABSOLUTE
    ../../microlib/init/entry.s              0x00000000   Number         0  entry7.o ABSOLUTE
    ../../microlib/init/entry.s              0x00000000   Number         0  entry2.o ABSOLUTE
    ../../microlib/init/entry.s              0x00000000   Number         0  entry5.o ABSOLUTE
    ../../microlib/init/entry.s              0x00000000   Number         0  entry.o ABSOLUTE
    ../../microlib/longlong.c                0x00000000   Number         0  llsshr.o ABSOLUTE
    ../../microlib/longlong.c                0x00000000   Number         0  llushr.o ABSOLUTE
    ../../microlib/longlong.c                0x00000000   Number         0  llshl.o ABSOLUTE
    ../../microlib/printf/printf.c           0x00000000   Number         0  printf7.o ABSOLUTE
    ../../microlib/printf/printf.c           0x00000000   Number         0  printf4.o ABSOLUTE
    ../../microlib/printf/printf.c           0x00000000   Number         0  printf5.o ABSOLUTE
    ../../microlib/printf/printf.c           0x00000000   Number         0  printf3.o ABSOLUTE
    ../../microlib/printf/printf.c           0x00000000   Number         0  printf2.o ABSOLUTE
    ../../microlib/printf/printf.c           0x00000000   Number         0  printf1.o ABSOLUTE
    ../../microlib/printf/printf.c           0x00000000   Number         0  printfa.o ABSOLUTE
    ../../microlib/printf/printf.c           0x00000000   Number         0  printf0.o ABSOLUTE
    ../../microlib/printf/printf.c           0x00000000   Number         0  printfb.o ABSOLUTE
    ../../microlib/printf/printf.c           0x00000000   Number         0  printf8.o ABSOLUTE
    ../../microlib/printf/printf.c           0x00000000   Number         0  printf6.o ABSOLUTE
    ../../microlib/printf/stubs.s            0x00000000   Number         0  stubs.o ABSOLUTE
    ../../microlib/stdio/streams.c           0x00000000   Number         0  stdout.o ABSOLUTE
    ../../microlib/string/strstr.c           0x00000000   Number         0  strstr.o ABSOLUTE
    ../../microlib/stubs.s                   0x00000000   Number         0  iusefp.o ABSOLUTE
    APP\232串口\usart.c                      0x00000000   Number         0  usart.o ABSOLUTE
    APP\Control\control.c                    0x00000000   Number         0  control.o ABSOLUTE
    APP\DHT11\DHT11.c                        0x00000000   Number         0  dht11.o ABSOLUTE
    APP\GPS\gps.c                            0x00000000   Number         0  gps.o ABSOLUTE
    APP\LED\led.c                            0x00000000   Number         0  led.o ABSOLUTE
    APP\PWM\pwm.c                            0x00000000   Number         0  pwm.o ABSOLUTE
    APP\Switch\switch.c                      0x00000000   Number         0  switch.o ABSOLUTE
    APP\SysTick\systick.c                    0x00000000   Number         0  systick.o ABSOLUTE
    APP\timer\timer7.c                       0x00000000   Number         0  timer7.o ABSOLUTE
    APP\按键\key.c                           0x00000000   Number         0  key.o ABSOLUTE
    APP\定时器\time.c                        0x00000000   Number         0  time.o ABSOLUTE
    APP\蜂鸣器\beep.c                        0x00000000   Number         0  beep.o ABSOLUTE
    APP\数码管\smg.c                         0x00000000   Number         0  smg.o ABSOLUTE
    APP\外部中断\exti.c                      0x00000000   Number         0  exti.o ABSOLUTE
    Libraries\CMSIS\CM3\CoreSupport\core_cm3.c 0x00000000   Number         0  core_cm3.o ABSOLUTE
    Libraries\CMSIS\CM3\DeviceSupport\ST\STM32F10x\system_stm32f10x.c 0x00000000   Number         0  system_stm32f10x.o ABSOLUTE
    Libraries\STM32F10x_StdPeriph_Driver\src\misc.c 0x00000000   Number         0  misc.o ABSOLUTE
    Libraries\STM32F10x_StdPeriph_Driver\src\stm32f10x_exti.c 0x00000000   Number         0  stm32f10x_exti.o ABSOLUTE
    Libraries\STM32F10x_StdPeriph_Driver\src\stm32f10x_gpio.c 0x00000000   Number         0  stm32f10x_gpio.o ABSOLUTE
    Libraries\STM32F10x_StdPeriph_Driver\src\stm32f10x_rcc.c 0x00000000   Number         0  stm32f10x_rcc.o ABSOLUTE
    Libraries\STM32F10x_StdPeriph_Driver\src\stm32f10x_tim.c 0x00000000   Number         0  stm32f10x_tim.o ABSOLUTE
    Libraries\STM32F10x_StdPeriph_Driver\src\stm32f10x_usart.c 0x00000000   Number         0  stm32f10x_usart.o ABSOLUTE
    Libraries\\CMSIS\\CM3\\CoreSupport\\core_cm3.c 0x00000000   Number         0  core_cm3.o ABSOLUTE
    cdrcmple.s                               0x00000000   Number         0  cdrcmple.o ABSOLUTE
    dc.s                                     0x00000000   Number         0  dc.o ABSOLUTE
    handlers.s                               0x00000000   Number         0  handlers.o ABSOLUTE
    init.s                                   0x00000000   Number         0  init.o ABSOLUTE
    startup\startup_stm32f10x_hd.s           0x00000000   Number         0  startup_stm32f10x_hd.o ABSOLUTE
    user\main.c                              0x00000000   Number         0  main.o ABSOLUTE
    user\public.c                            0x00000000   Number         0  public.o ABSOLUTE
    user\stm32f10x_it.c                      0x00000000   Number         0  stm32f10x_it.o ABSOLUTE
    RESET                                    0x08000000   Section      304  startup_stm32f10x_hd.o(RESET)
    .ARM.Collect$$$$00000000                 0x08000130   Section        0  entry.o(.ARM.Collect$$$$00000000)
    .ARM.Collect$$$$00000001                 0x08000130   Section        4  entry2.o(.ARM.Collect$$$$00000001)
    .ARM.Collect$$$$00000004                 0x08000134   Section        4  entry5.o(.ARM.Collect$$$$00000004)
    .ARM.Collect$$$$00000007                 0x08000138   Section        8  entry7.o(.ARM.Collect$$$$00000007)
    .ARM.Collect$$$$00002712                 0x08000140   Section        4  entry2.o(.ARM.Collect$$$$00002712)
    __lit__00000000                          0x08000140   Data           4  entry2.o(.ARM.Collect$$$$00002712)
    .text                                    0x08000144   Section        0  main.o(.text)
    .text                                    0x080006e0   Section        0  stm32f10x_it.o(.text)
    .text                                    0x08000958   Section        0  system_stm32f10x.o(.text)
    SetSysClockTo72                          0x08000959   Thumb Code   192  system_stm32f10x.o(.text)
    SetSysClock                              0x08000a19   Thumb Code     8  system_stm32f10x.o(.text)
    .text                                    0x08000b20   Section       36  startup_stm32f10x_hd.o(.text)
    .text                                    0x08000b44   Section        0  stm32f10x_gpio.o(.text)
    .text                                    0x08000e9c   Section        0  stm32f10x_rcc.o(.text)
    .text                                    0x08001240   Section        0  stm32f10x_usart.o(.text)
    .text                                    0x0800164c   Section        0  misc.o(.text)
    .text                                    0x08001744   Section        0  stm32f10x_exti.o(.text)
    .text                                    0x08001880   Section        0  stm32f10x_tim.o(.text)
    TI4_Config                               0x08001d09   Thumb Code   118  stm32f10x_tim.o(.text)
    TI3_Config                               0x08001d91   Thumb Code   114  stm32f10x_tim.o(.text)
    TI2_Config                               0x08001e19   Thumb Code   118  stm32f10x_tim.o(.text)
    TI1_Config                               0x08001ea1   Thumb Code   106  stm32f10x_tim.o(.text)
    .text                                    0x0800262e   Section        0  systick.o(.text)
    .text                                    0x08002698   Section        0  usart.o(.text)
    .text                                    0x08002870   Section        0  pwm.o(.text)
    .text                                    0x0800291c   Section        0  switch.o(.text)
    .text                                    0x0800294c   Section        0  control.o(.text)
    .text                                    0x08002a84   Section        0  gps.o(.text)
    .text                                    0x08002cc0   Section        0  timer7.o(.text)
    .text                                    0x08002d4c   Section        0  strstr.o(.text)
    .text                                    0x08002d78   Section        0  fdiv.o(.text)
    .text                                    0x08002df8   Section        0  dadd.o(.text)
    .text                                    0x08002f42   Section        0  dmul.o(.text)
    .text                                    0x08003024   Section        0  ddiv.o(.text)
    .text                                    0x08003102   Section        0  ffltui.o(.text)
    .text                                    0x0800310c   Section        0  dflti.o(.text)
    .text                                    0x0800312e   Section        0  dfltui.o(.text)
    .text                                    0x08003148   Section        0  dfixi.o(.text)
    .text                                    0x08003186   Section        0  f2d.o(.text)
    .text                                    0x080031b2   Section        0  uidiv.o(.text)
    .text                                    0x080031de   Section        0  uldiv.o(.text)
    .text                                    0x08003244   Section        0  llshl.o(.text)
    .text                                    0x08003262   Section        0  llushr.o(.text)
    .text                                    0x08003282   Section        0  llsshr.o(.text)
    .text                                    0x080032a6   Section        0  iusefp.o(.text)
    .text                                    0x080032a6   Section        0  fepilogue.o(.text)
    .text                                    0x08003316   Section        0  depilogue.o(.text)
    .text                                    0x080033d8   Section        0  dfixul.o(.text)
    .text                                    0x08003408   Section       40  cdrcmple.o(.text)
    .text                                    0x08003430   Section       36  init.o(.text)
    .text                                    0x08003454   Section        0  __dczerorl2.o(.text)
    i.__0printf                              0x080034b0   Section        0  printfa.o(i.__0printf)
    i.__scatterload_copy                     0x080034d0   Section       14  handlers.o(i.__scatterload_copy)
    i.__scatterload_null                     0x080034de   Section        2  handlers.o(i.__scatterload_null)
    i.__scatterload_zeroinit                 0x080034e0   Section       14  handlers.o(i.__scatterload_zeroinit)
    i._fp_digits                             0x080034f0   Section        0  printfa.o(i._fp_digits)
    _fp_digits                               0x080034f1   Thumb Code   318  printfa.o(i._fp_digits)
    i._printf_core                           0x08003644   Section        0  printfa.o(i._printf_core)
    _printf_core                             0x08003645   Thumb Code  1734  printfa.o(i._printf_core)
    i._printf_post_padding                   0x08003d18   Section        0  printfa.o(i._printf_post_padding)
    _printf_post_padding                     0x08003d19   Thumb Code    38  printfa.o(i._printf_post_padding)
    i._printf_pre_padding                    0x08003d3e   Section        0  printfa.o(i._printf_pre_padding)
    _printf_pre_padding                      0x08003d3f   Thumb Code    46  printfa.o(i._printf_pre_padding)
    .data                                    0x20000000   Section      525  main.o(.data)
    auchCRCHi                                0x20000000   Data         256  main.o(.data)
    auchCRCLo                                0x20000100   Data         256  main.o(.data)
    .data                                    0x20000210   Section       38  stm32f10x_it.o(.data)
    .data                                    0x20000238   Section       20  system_stm32f10x.o(.data)
    .data                                    0x2000024c   Section       20  stm32f10x_rcc.o(.data)
    APBAHBPrescTable                         0x2000024c   Data          16  stm32f10x_rcc.o(.data)
    ADCPrescTable                            0x2000025c   Data           4  stm32f10x_rcc.o(.data)
    .data                                    0x20000260   Section        1  control.o(.data)
    .data                                    0x20000264   Section        4  stdout.o(.data)
    .bss                                     0x20000268   Section      328  stm32f10x_it.o(.bss)
    STACK                                    0x200003b0   Section     1024  startup_stm32f10x_hd.o(STACK)

    Global Symbols

    Symbol Name                              Value     Ov Type        Size  Object(Section)

    BuildAttributes$$THM_ISAv4$P$D$K$B$S$PE$A:L22UL41UL21$X:L11$S22US41US21$IEEE1$IW$USESV6$~STKCKD$USESV7$~SHL$OTIME$ROPI$EBA8$MICROLIB$REQ8$PRES8$EABIv2 0x00000000   Number         0  anon$$obj.o ABSOLUTE
    __ARM_use_no_argv                        0x00000000   Number         0  main.o ABSOLUTE
    _printf_a                                0x00000000   Number         0  stubs.o ABSOLUTE
    _printf_c                                0x00000000   Number         0  stubs.o ABSOLUTE
    _printf_charcount                        0x00000000   Number         0  stubs.o ABSOLUTE
    _printf_d                                0x00000000   Number         0  stubs.o ABSOLUTE
    _printf_e                                0x00000000   Number         0  stubs.o ABSOLUTE
    _printf_f                                0x00000000   Number         0  stubs.o ABSOLUTE
    _printf_flags                            0x00000000   Number         0  stubs.o ABSOLUTE
    _printf_fp_dec                           0x00000000   Number         0  stubs.o ABSOLUTE
    _printf_fp_hex                           0x00000000   Number         0  stubs.o ABSOLUTE
    _printf_g                                0x00000000   Number         0  stubs.o ABSOLUTE
    _printf_i                                0x00000000   Number         0  stubs.o ABSOLUTE
    _printf_int_dec                          0x00000000   Number         0  stubs.o ABSOLUTE
    _printf_l                                0x00000000   Number         0  stubs.o ABSOLUTE
    _printf_lc                               0x00000000   Number         0  stubs.o ABSOLUTE
    _printf_ll                               0x00000000   Number         0  stubs.o ABSOLUTE
    _printf_lld                              0x00000000   Number         0  stubs.o ABSOLUTE
    _printf_lli                              0x00000000   Number         0  stubs.o ABSOLUTE
    _printf_llo                              0x00000000   Number         0  stubs.o ABSOLUTE
    _printf_llu                              0x00000000   Number         0  stubs.o ABSOLUTE
    _printf_llx                              0x00000000   Number         0  stubs.o ABSOLUTE
    _printf_longlong_dec                     0x00000000   Number         0  stubs.o ABSOLUTE
    _printf_longlong_hex                     0x00000000   Number         0  stubs.o ABSOLUTE
    _printf_longlong_oct                     0x00000000   Number         0  stubs.o ABSOLUTE
    _printf_ls                               0x00000000   Number         0  stubs.o ABSOLUTE
    _printf_mbtowc                           0x00000000   Number         0  stubs.o ABSOLUTE
    _printf_n                                0x00000000   Number         0  stubs.o ABSOLUTE
    _printf_o                                0x00000000   Number         0  stubs.o ABSOLUTE
    _printf_p                                0x00000000   Number         0  stubs.o ABSOLUTE
    _printf_percent                          0x00000000   Number         0  stubs.o ABSOLUTE
    _printf_pre_padding                      0x00000000   Number         0  stubs.o ABSOLUTE
    _printf_return_value                     0x00000000   Number         0  stubs.o ABSOLUTE
    _printf_s                                0x00000000   Number         0  stubs.o ABSOLUTE
    _printf_sizespec                         0x00000000   Number         0  stubs.o ABSOLUTE
    _printf_str                              0x00000000   Number         0  stubs.o ABSOLUTE
    _printf_truncate_signed                  0x00000000   Number         0  stubs.o ABSOLUTE
    _printf_truncate_unsigned                0x00000000   Number         0  stubs.o ABSOLUTE
    _printf_u                                0x00000000   Number         0  stubs.o ABSOLUTE
    _printf_wc                               0x00000000   Number         0  stubs.o ABSOLUTE
    _printf_wctomb                           0x00000000   Number         0  stubs.o ABSOLUTE
    _printf_widthprec                        0x00000000   Number         0  stubs.o ABSOLUTE
    _printf_x                                0x00000000   Number         0  stubs.o ABSOLUTE
    __Vectors_Size                           0x00000130   Number         0  startup_stm32f10x_hd.o ABSOLUTE
    __Vectors                                0x08000000   Data           4  startup_stm32f10x_hd.o(RESET)
    __Vectors_End                            0x08000130   Data           0  startup_stm32f10x_hd.o(RESET)
    __main                                   0x08000131   Thumb Code     0  entry.o(.ARM.Collect$$$$00000000)
    _main_stk                                0x08000131   Thumb Code     0  entry2.o(.ARM.Collect$$$$00000001)
    _main_scatterload                        0x08000135   Thumb Code     0  entry5.o(.ARM.Collect$$$$00000004)
    __main_after_scatterload                 0x08000139   Thumb Code     0  entry5.o(.ARM.Collect$$$$00000004)
    _main_init                               0x08000139   Thumb Code     0  entry7.o(.ARM.Collect$$$$00000007)
    CRC16                                    0x08000145   Thumb Code    48  main.o(.text)
    fputc                                    0x08000175   Thumb Code    30  main.o(.text)
    GetKey                                   0x08000193   Thumb Code    22  main.o(.text)
    Gps_Msg_Show                             0x080001a9   Thumb Code   146  main.o(.text)
    main                                     0x0800023b   Thumb Code  1164  main.o(.text)
    NMI_Handler                              0x080006e1   Thumb Code     2  stm32f10x_it.o(.text)
    HardFault_Handler                        0x080006e3   Thumb Code     4  stm32f10x_it.o(.text)
    EXTI2_IRQHandler                         0x080006e7   Thumb Code    76  stm32f10x_it.o(.text)
    Decode_frame                             0x08000733   Thumb Code   196  stm32f10x_it.o(.text)
    USART1_IRQHandler                        0x080007f7   Thumb Code    42  stm32f10x_it.o(.text)
    USART2_IRQHandler                        0x08000821   Thumb Code    92  stm32f10x_it.o(.text)
    USART3_IRQHandler                        0x0800087d   Thumb Code   116  stm32f10x_it.o(.text)
    TIM3_IRQHandler                          0x080008f1   Thumb Code    12  stm32f10x_it.o(.text)
    MemManage_Handler                        0x080008fd   Thumb Code     4  stm32f10x_it.o(.text)
    BusFault_Handler                         0x08000901   Thumb Code     4  stm32f10x_it.o(.text)
    UsageFault_Handler                       0x08000905   Thumb Code     4  stm32f10x_it.o(.text)
    SVC_Handler                              0x08000909   Thumb Code     2  stm32f10x_it.o(.text)
    DebugMon_Handler                         0x0800090b   Thumb Code     2  stm32f10x_it.o(.text)
    PendSV_Handler                           0x0800090d   Thumb Code     2  stm32f10x_it.o(.text)
    SysTick_Handler                          0x0800090f   Thumb Code     2  stm32f10x_it.o(.text)
    SystemInit                               0x08000a21   Thumb Code    78  system_stm32f10x.o(.text)
    SystemCoreClockUpdate                    0x08000a6f   Thumb Code   142  system_stm32f10x.o(.text)
    Reset_Handler                            0x08000b21   Thumb Code     8  startup_stm32f10x_hd.o(.text)
    ADC1_2_IRQHandler                        0x08000b3b   Thumb Code     0  startup_stm32f10x_hd.o(.text)
    ADC3_IRQHandler                          0x08000b3b   Thumb Code     0  startup_stm32f10x_hd.o(.text)
    CAN1_RX1_IRQHandler                      0x08000b3b   Thumb Code     0  startup_stm32f10x_hd.o(.text)
    CAN1_SCE_IRQHandler                      0x08000b3b   Thumb Code     0  startup_stm32f10x_hd.o(.text)
    DMA1_Channel1_IRQHandler                 0x08000b3b   Thumb Code     0  startup_stm32f10x_hd.o(.text)
    DMA1_Channel2_IRQHandler                 0x08000b3b   Thumb Code     0  startup_stm32f10x_hd.o(.text)
    DMA1_Channel3_IRQHandler                 0x08000b3b   Thumb Code     0  startup_stm32f10x_hd.o(.text)
    DMA1_Channel4_IRQHandler                 0x08000b3b   Thumb Code     0  startup_stm32f10x_hd.o(.text)
    DMA1_Channel5_IRQHandler                 0x08000b3b   Thumb Code     0  startup_stm32f10x_hd.o(.text)
    DMA1_Channel6_IRQHandler                 0x08000b3b   Thumb Code     0  startup_stm32f10x_hd.o(.text)
    DMA1_Channel7_IRQHandler                 0x08000b3b   Thumb Code     0  startup_stm32f10x_hd.o(.text)
    DMA2_Channel1_IRQHandler                 0x08000b3b   Thumb Code     0  startup_stm32f10x_hd.o(.text)
    DMA2_Channel2_IRQHandler                 0x08000b3b   Thumb Code     0  startup_stm32f10x_hd.o(.text)
    DMA2_Channel3_IRQHandler                 0x08000b3b   Thumb Code     0  startup_stm32f10x_hd.o(.text)
    DMA2_Channel4_5_IRQHandler               0x08000b3b   Thumb Code     0  startup_stm32f10x_hd.o(.text)
    EXTI0_IRQHandler                         0x08000b3b   Thumb Code     0  startup_stm32f10x_hd.o(.text)
    EXTI15_10_IRQHandler                     0x08000b3b   Thumb Code     0  startup_stm32f10x_hd.o(.text)
    EXTI1_IRQHandler                         0x08000b3b   Thumb Code     0  startup_stm32f10x_hd.o(.text)
    EXTI3_IRQHandler                         0x08000b3b   Thumb Code     0  startup_stm32f10x_hd.o(.text)
    EXTI4_IRQHandler                         0x08000b3b   Thumb Code     0  startup_stm32f10x_hd.o(.text)
    EXTI9_5_IRQHandler                       0x08000b3b   Thumb Code     0  startup_stm32f10x_hd.o(.text)
    FLASH_IRQHandler                         0x08000b3b   Thumb Code     0  startup_stm32f10x_hd.o(.text)
    FSMC_IRQHandler                          0x08000b3b   Thumb Code     0  startup_stm32f10x_hd.o(.text)
    I2C1_ER_IRQHandler                       0x08000b3b   Thumb Code     0  startup_stm32f10x_hd.o(.text)
    I2C1_EV_IRQHandler                       0x08000b3b   Thumb Code     0  startup_stm32f10x_hd.o(.text)
    I2C2_ER_IRQHandler                       0x08000b3b   Thumb Code     0  startup_stm32f10x_hd.o(.text)
    I2C2_EV_IRQHandler                       0x08000b3b   Thumb Code     0  startup_stm32f10x_hd.o(.text)
    PVD_IRQHandler                           0x08000b3b   Thumb Code     0  startup_stm32f10x_hd.o(.text)
    RCC_IRQHandler                           0x08000b3b   Thumb Code     0  startup_stm32f10x_hd.o(.text)
    RTCAlarm_IRQHandler                      0x08000b3b   Thumb Code     0  startup_stm32f10x_hd.o(.text)
    RTC_IRQHandler                           0x08000b3b   Thumb Code     0  startup_stm32f10x_hd.o(.text)
    SDIO_IRQHandler                          0x08000b3b   Thumb Code     0  startup_stm32f10x_hd.o(.text)
    SPI1_IRQHandler                          0x08000b3b   Thumb Code     0  startup_stm32f10x_hd.o(.text)
    SPI2_IRQHandler                          0x08000b3b   Thumb Code     0  startup_stm32f10x_hd.o(.text)
    SPI3_IRQHandler                          0x08000b3b   Thumb Code     0  startup_stm32f10x_hd.o(.text)
    TAMPER_IRQHandler                        0x08000b3b   Thumb Code     0  startup_stm32f10x_hd.o(.text)
    TIM1_BRK_IRQHandler                      0x08000b3b   Thumb Code     0  startup_stm32f10x_hd.o(.text)
    TIM1_CC_IRQHandler                       0x08000b3b   Thumb Code     0  startup_stm32f10x_hd.o(.text)
    TIM1_TRG_COM_IRQHandler                  0x08000b3b   Thumb Code     0  startup_stm32f10x_hd.o(.text)
    TIM1_UP_IRQHandler                       0x08000b3b   Thumb Code     0  startup_stm32f10x_hd.o(.text)
    TIM2_IRQHandler                          0x08000b3b   Thumb Code     0  startup_stm32f10x_hd.o(.text)
    TIM4_IRQHandler                          0x08000b3b   Thumb Code     0  startup_stm32f10x_hd.o(.text)
    TIM5_IRQHandler                          0x08000b3b   Thumb Code     0  startup_stm32f10x_hd.o(.text)
    TIM6_IRQHandler                          0x08000b3b   Thumb Code     0  startup_stm32f10x_hd.o(.text)
    TIM8_BRK_IRQHandler                      0x08000b3b   Thumb Code     0  startup_stm32f10x_hd.o(.text)
    TIM8_CC_IRQHandler                       0x08000b3b   Thumb Code     0  startup_stm32f10x_hd.o(.text)
    TIM8_TRG_COM_IRQHandler                  0x08000b3b   Thumb Code     0  startup_stm32f10x_hd.o(.text)
    TIM8_UP_IRQHandler                       0x08000b3b   Thumb Code     0  startup_stm32f10x_hd.o(.text)
    UART4_IRQHandler                         0x08000b3b   Thumb Code     0  startup_stm32f10x_hd.o(.text)
    UART5_IRQHandler                         0x08000b3b   Thumb Code     0  startup_stm32f10x_hd.o(.text)
    USBWakeUp_IRQHandler                     0x08000b3b   Thumb Code     0  startup_stm32f10x_hd.o(.text)
    USB_HP_CAN1_TX_IRQHandler                0x08000b3b   Thumb Code     0  startup_stm32f10x_hd.o(.text)
    USB_LP_CAN1_RX0_IRQHandler               0x08000b3b   Thumb Code     0  startup_stm32f10x_hd.o(.text)
    WWDG_IRQHandler                          0x08000b3b   Thumb Code     0  startup_stm32f10x_hd.o(.text)
    GPIO_DeInit                              0x08000b45   Thumb Code   172  stm32f10x_gpio.o(.text)
    GPIO_AFIODeInit                          0x08000bf1   Thumb Code    20  stm32f10x_gpio.o(.text)
    GPIO_Init                                0x08000c05   Thumb Code   274  stm32f10x_gpio.o(.text)
    GPIO_StructInit                          0x08000d17   Thumb Code    16  stm32f10x_gpio.o(.text)
    GPIO_ReadInputDataBit                    0x08000d27   Thumb Code    18  stm32f10x_gpio.o(.text)
    GPIO_ReadInputData                       0x08000d39   Thumb Code     8  stm32f10x_gpio.o(.text)
    GPIO_ReadOutputDataBit                   0x08000d41   Thumb Code    18  stm32f10x_gpio.o(.text)
    GPIO_ReadOutputData                      0x08000d53   Thumb Code     8  stm32f10x_gpio.o(.text)
    GPIO_SetBits                             0x08000d5b   Thumb Code     4  stm32f10x_gpio.o(.text)
    GPIO_ResetBits                           0x08000d5f   Thumb Code     4  stm32f10x_gpio.o(.text)
    GPIO_WriteBit                            0x08000d63   Thumb Code    10  stm32f10x_gpio.o(.text)
    GPIO_Write                               0x08000d6d   Thumb Code     4  stm32f10x_gpio.o(.text)
    GPIO_PinLockConfig                       0x08000d71   Thumb Code    18  stm32f10x_gpio.o(.text)
    GPIO_EventOutputConfig                   0x08000d83   Thumb Code    26  stm32f10x_gpio.o(.text)
    GPIO_EventOutputCmd                      0x08000d9d   Thumb Code     6  stm32f10x_gpio.o(.text)
    GPIO_PinRemapConfig                      0x08000da3   Thumb Code   138  stm32f10x_gpio.o(.text)
    GPIO_EXTILineConfig                      0x08000e2d   Thumb Code    66  stm32f10x_gpio.o(.text)
    GPIO_ETH_MediaInterfaceConfig            0x08000e6f   Thumb Code     6  stm32f10x_gpio.o(.text)
    RCC_DeInit                               0x08000e9d   Thumb Code    64  stm32f10x_rcc.o(.text)
    RCC_HSEConfig                            0x08000edd   Thumb Code    70  stm32f10x_rcc.o(.text)
    RCC_GetFlagStatus                        0x08000f23   Thumb Code    56  stm32f10x_rcc.o(.text)
    RCC_WaitForHSEStartUp                    0x08000f5b   Thumb Code    48  stm32f10x_rcc.o(.text)
    RCC_AdjustHSICalibrationValue            0x08000f8b   Thumb Code    20  stm32f10x_rcc.o(.text)
    RCC_HSICmd                               0x08000f9f   Thumb Code     6  stm32f10x_rcc.o(.text)
    RCC_PLLConfig                            0x08000fa5   Thumb Code    24  stm32f10x_rcc.o(.text)
    RCC_PLLCmd                               0x08000fbd   Thumb Code     6  stm32f10x_rcc.o(.text)
    RCC_SYSCLKConfig                         0x08000fc3   Thumb Code    18  stm32f10x_rcc.o(.text)
    RCC_GetSYSCLKSource                      0x08000fd5   Thumb Code    10  stm32f10x_rcc.o(.text)
    RCC_HCLKConfig                           0x08000fdf   Thumb Code    18  stm32f10x_rcc.o(.text)
    RCC_PCLK1Config                          0x08000ff1   Thumb Code    18  stm32f10x_rcc.o(.text)
    RCC_PCLK2Config                          0x08001003   Thumb Code    20  stm32f10x_rcc.o(.text)
    RCC_ITConfig                             0x08001017   Thumb Code    30  stm32f10x_rcc.o(.text)
    RCC_USBCLKConfig                         0x08001035   Thumb Code     6  stm32f10x_rcc.o(.text)
    RCC_ADCCLKConfig                         0x0800103b   Thumb Code    18  stm32f10x_rcc.o(.text)
    RCC_LSEConfig                            0x0800104d   Thumb Code    44  stm32f10x_rcc.o(.text)
    RCC_LSICmd                               0x08001079   Thumb Code     6  stm32f10x_rcc.o(.text)
    RCC_RTCCLKConfig                         0x0800107f   Thumb Code    12  stm32f10x_rcc.o(.text)
    RCC_RTCCLKCmd                            0x0800108b   Thumb Code     6  stm32f10x_rcc.o(.text)
    RCC_GetClocksFreq                        0x08001091   Thumb Code   192  stm32f10x_rcc.o(.text)
    RCC_AHBPeriphClockCmd                    0x08001151   Thumb Code    26  stm32f10x_rcc.o(.text)
    RCC_APB2PeriphClockCmd                   0x0800116b   Thumb Code    26  stm32f10x_rcc.o(.text)
    RCC_APB1PeriphClockCmd                   0x08001185   Thumb Code    26  stm32f10x_rcc.o(.text)
    RCC_APB2PeriphResetCmd                   0x0800119f   Thumb Code    26  stm32f10x_rcc.o(.text)
    RCC_APB1PeriphResetCmd                   0x080011b9   Thumb Code    26  stm32f10x_rcc.o(.text)
    RCC_BackupResetCmd                       0x080011d3   Thumb Code     6  stm32f10x_rcc.o(.text)
    RCC_ClockSecuritySystemCmd               0x080011d9   Thumb Code     6  stm32f10x_rcc.o(.text)
    RCC_MCOConfig                            0x080011df   Thumb Code     6  stm32f10x_rcc.o(.text)
    RCC_ClearFlag                            0x080011e5   Thumb Code    14  stm32f10x_rcc.o(.text)
    RCC_GetITStatus                          0x080011f3   Thumb Code    20  stm32f10x_rcc.o(.text)
    RCC_ClearITPendingBit                    0x08001207   Thumb Code     6  stm32f10x_rcc.o(.text)
    USART_DeInit                             0x08001241   Thumb Code   134  stm32f10x_usart.o(.text)
    USART_Init                               0x080012c7   Thumb Code   210  stm32f10x_usart.o(.text)
    USART_StructInit                         0x08001399   Thumb Code    24  stm32f10x_usart.o(.text)
    USART_ClockInit                          0x080013b1   Thumb Code    34  stm32f10x_usart.o(.text)
    USART_ClockStructInit                    0x080013d3   Thumb Code    12  stm32f10x_usart.o(.text)
    USART_Cmd                                0x080013df   Thumb Code    24  stm32f10x_usart.o(.text)
    USART_ITConfig                           0x080013f7   Thumb Code    74  stm32f10x_usart.o(.text)
    USART_DMACmd                             0x08001441   Thumb Code    24  stm32f10x_usart.o(.text)
    USART_SetAddress                         0x08001459   Thumb Code    18  stm32f10x_usart.o(.text)
    USART_WakeUpConfig                       0x0800146b   Thumb Code    18  stm32f10x_usart.o(.text)
    USART_ReceiverWakeUpCmd                  0x0800147d   Thumb Code    24  stm32f10x_usart.o(.text)
    USART_LINBreakDetectLengthConfig         0x08001495   Thumb Code    18  stm32f10x_usart.o(.text)
    USART_LINCmd                             0x080014a7   Thumb Code    24  stm32f10x_usart.o(.text)
    USART_SendData                           0x080014bf   Thumb Code     8  stm32f10x_usart.o(.text)
    USART_ReceiveData                        0x080014c7   Thumb Code    10  stm32f10x_usart.o(.text)
    USART_SendBreak                          0x080014d1   Thumb Code    10  stm32f10x_usart.o(.text)
    USART_SetGuardTime                       0x080014db   Thumb Code    16  stm32f10x_usart.o(.text)
    USART_SetPrescaler                       0x080014eb   Thumb Code    16  stm32f10x_usart.o(.text)
    USART_SmartCardCmd                       0x080014fb   Thumb Code    24  stm32f10x_usart.o(.text)
    USART_SmartCardNACKCmd                   0x08001513   Thumb Code    24  stm32f10x_usart.o(.text)
    USART_HalfDuplexCmd                      0x0800152b   Thumb Code    24  stm32f10x_usart.o(.text)
    USART_OverSampling8Cmd                   0x08001543   Thumb Code    22  stm32f10x_usart.o(.text)
    USART_OneBitMethodCmd                    0x08001559   Thumb Code    24  stm32f10x_usart.o(.text)
    USART_IrDAConfig                         0x08001571   Thumb Code    18  stm32f10x_usart.o(.text)
    USART_IrDACmd                            0x08001583   Thumb Code    24  stm32f10x_usart.o(.text)
    USART_GetFlagStatus                      0x0800159b   Thumb Code    26  stm32f10x_usart.o(.text)
    USART_ClearFlag                          0x080015b5   Thumb Code    18  stm32f10x_usart.o(.text)
    USART_GetITStatus                        0x080015c7   Thumb Code    84  stm32f10x_usart.o(.text)
    USART_ClearITPendingBit                  0x0800161b   Thumb Code    50  stm32f10x_usart.o(.text)
    NVIC_PriorityGroupConfig                 0x0800164d   Thumb Code    10  misc.o(.text)
    NVIC_Init                                0x08001657   Thumb Code   118  misc.o(.text)
    NVIC_SetVectorTable                      0x080016cd   Thumb Code    12  misc.o(.text)
    NVIC_SystemLPConfig                      0x080016d9   Thumb Code    38  misc.o(.text)
    SysTick_CLKSourceConfig                  0x080016ff   Thumb Code    40  misc.o(.text)
    EXTI_DeInit                              0x08001745   Thumb Code    30  stm32f10x_exti.o(.text)
    EXTI_Init                                0x08001763   Thumb Code   160  stm32f10x_exti.o(.text)
    EXTI_StructInit                          0x08001803   Thumb Code    16  stm32f10x_exti.o(.text)
    EXTI_GenerateSWInterrupt                 0x08001813   Thumb Code    16  stm32f10x_exti.o(.text)
    EXTI_GetFlagStatus                       0x08001823   Thumb Code    20  stm32f10x_exti.o(.text)
    EXTI_ClearFlag                           0x08001837   Thumb Code     6  stm32f10x_exti.o(.text)
    EXTI_GetITStatus                         0x0800183d   Thumb Code    34  stm32f10x_exti.o(.text)
    EXTI_ClearITPendingBit                   0x0800185f   Thumb Code     6  stm32f10x_exti.o(.text)
    TIM_DeInit                               0x08001881   Thumb Code   424  stm32f10x_tim.o(.text)
    TIM_TimeBaseInit                         0x08001a29   Thumb Code   122  stm32f10x_tim.o(.text)
    TIM_OC1Init                              0x08001aa3   Thumb Code   132  stm32f10x_tim.o(.text)
    TIM_OC2Init                              0x08001b27   Thumb Code   146  stm32f10x_tim.o(.text)
    TIM_OC3Init                              0x08001bb9   Thumb Code   142  stm32f10x_tim.o(.text)
    TIM_OC4Init                              0x08001c47   Thumb Code   172  stm32f10x_tim.o(.text)
    TIM_SetIC4Prescaler                      0x08001cf3   Thumb Code    22  stm32f10x_tim.o(.text)
    TIM_SetIC3Prescaler                      0x08001d7f   Thumb Code    18  stm32f10x_tim.o(.text)
    TIM_SetIC2Prescaler                      0x08001e03   Thumb Code    22  stm32f10x_tim.o(.text)
    TIM_SetIC1Prescaler                      0x08001e8f   Thumb Code    18  stm32f10x_tim.o(.text)
    TIM_ICInit                               0x08001f0b   Thumb Code   150  stm32f10x_tim.o(.text)
    TIM_PWMIConfig                           0x08001fa1   Thumb Code   124  stm32f10x_tim.o(.text)
    TIM_BDTRConfig                           0x0800201d   Thumb Code    32  stm32f10x_tim.o(.text)
    TIM_TimeBaseStructInit                   0x0800203d   Thumb Code    18  stm32f10x_tim.o(.text)
    TIM_OCStructInit                         0x0800204f   Thumb Code    20  stm32f10x_tim.o(.text)
    TIM_ICStructInit                         0x08002063   Thumb Code    18  stm32f10x_tim.o(.text)
    TIM_BDTRStructInit                       0x08002075   Thumb Code    18  stm32f10x_tim.o(.text)
    TIM_Cmd                                  0x08002087   Thumb Code    24  stm32f10x_tim.o(.text)
    TIM_CtrlPWMOutputs                       0x0800209f   Thumb Code    52  stm32f10x_tim.o(.text)
    TIM_ITConfig                             0x080020d3   Thumb Code    24  stm32f10x_tim.o(.text)
    TIM_GenerateEvent                        0x080020eb   Thumb Code     4  stm32f10x_tim.o(.text)
    TIM_DMAConfig                            0x080020ef   Thumb Code    10  stm32f10x_tim.o(.text)
    TIM_DMACmd                               0x080020f9   Thumb Code    24  stm32f10x_tim.o(.text)
    TIM_InternalClockConfig                  0x08002111   Thumb Code    12  stm32f10x_tim.o(.text)
    TIM_SelectInputTrigger                   0x0800211d   Thumb Code    18  stm32f10x_tim.o(.text)
    TIM_ITRxExternalClockConfig              0x0800212f   Thumb Code    24  stm32f10x_tim.o(.text)
    TIM_TIxExternalClockConfig               0x08002147   Thumb Code    62  stm32f10x_tim.o(.text)
    TIM_ETRConfig                            0x08002185   Thumb Code    24  stm32f10x_tim.o(.text)
    TIM_ETRClockMode1Config                  0x0800219d   Thumb Code    54  stm32f10x_tim.o(.text)
    TIM_ETRClockMode2Config                  0x080021d3   Thumb Code    32  stm32f10x_tim.o(.text)
    TIM_PrescalerConfig                      0x080021f3   Thumb Code     6  stm32f10x_tim.o(.text)
    TIM_CounterModeConfig                    0x080021f9   Thumb Code    18  stm32f10x_tim.o(.text)
    TIM_EncoderInterfaceConfig               0x0800220b   Thumb Code    62  stm32f10x_tim.o(.text)
    TIM_ForcedOC1Config                      0x08002249   Thumb Code    18  stm32f10x_tim.o(.text)
    TIM_ForcedOC2Config                      0x0800225b   Thumb Code    22  stm32f10x_tim.o(.text)
    TIM_ForcedOC3Config                      0x08002271   Thumb Code    18  stm32f10x_tim.o(.text)
    TIM_ForcedOC4Config                      0x08002283   Thumb Code    22  stm32f10x_tim.o(.text)
    TIM_ARRPreloadConfig                     0x08002299   Thumb Code    24  stm32f10x_tim.o(.text)
    TIM_SelectCOM                            0x080022b1   Thumb Code    24  stm32f10x_tim.o(.text)
    TIM_SelectCCDMA                          0x080022c9   Thumb Code    24  stm32f10x_tim.o(.text)
    TIM_CCPreloadControl                     0x080022e1   Thumb Code    24  stm32f10x_tim.o(.text)
    TIM_OC1PreloadConfig                     0x080022f9   Thumb Code    18  stm32f10x_tim.o(.text)
    TIM_OC2PreloadConfig                     0x0800230b   Thumb Code    22  stm32f10x_tim.o(.text)
    TIM_OC3PreloadConfig                     0x08002321   Thumb Code    18  stm32f10x_tim.o(.text)
    TIM_OC4PreloadConfig                     0x08002333   Thumb Code    22  stm32f10x_tim.o(.text)
    TIM_OC1FastConfig                        0x08002349   Thumb Code    18  stm32f10x_tim.o(.text)
    TIM_OC2FastConfig                        0x0800235b   Thumb Code    22  stm32f10x_tim.o(.text)
    TIM_OC3FastConfig                        0x08002371   Thumb Code    18  stm32f10x_tim.o(.text)
    TIM_OC4FastConfig                        0x08002383   Thumb Code    22  stm32f10x_tim.o(.text)
    TIM_ClearOC1Ref                          0x08002399   Thumb Code    18  stm32f10x_tim.o(.text)
    TIM_ClearOC2Ref                          0x080023ab   Thumb Code    20  stm32f10x_tim.o(.text)
    TIM_ClearOC3Ref                          0x080023bf   Thumb Code    18  stm32f10x_tim.o(.text)
    TIM_ClearOC4Ref                          0x080023d1   Thumb Code    20  stm32f10x_tim.o(.text)
    TIM_OC1PolarityConfig                    0x080023e5   Thumb Code    18  stm32f10x_tim.o(.text)
    TIM_OC1NPolarityConfig                   0x080023f7   Thumb Code    18  stm32f10x_tim.o(.text)
    TIM_OC2PolarityConfig                    0x08002409   Thumb Code    22  stm32f10x_tim.o(.text)
    TIM_OC2NPolarityConfig                   0x0800241f   Thumb Code    22  stm32f10x_tim.o(.text)
    TIM_OC3PolarityConfig                    0x08002435   Thumb Code    22  stm32f10x_tim.o(.text)
    TIM_OC3NPolarityConfig                   0x0800244b   Thumb Code    22  stm32f10x_tim.o(.text)
    TIM_OC4PolarityConfig                    0x08002461   Thumb Code    22  stm32f10x_tim.o(.text)
    TIM_CCxCmd                               0x08002477   Thumb Code    34  stm32f10x_tim.o(.text)
    TIM_CCxNCmd                              0x08002499   Thumb Code    34  stm32f10x_tim.o(.text)
    TIM_SelectOCxM                           0x080024bb   Thumb Code    82  stm32f10x_tim.o(.text)
    TIM_UpdateDisableConfig                  0x0800250d   Thumb Code    24  stm32f10x_tim.o(.text)
    TIM_UpdateRequestConfig                  0x08002525   Thumb Code    24  stm32f10x_tim.o(.text)
    TIM_SelectHallSensor                     0x0800253d   Thumb Code    24  stm32f10x_tim.o(.text)
    TIM_SelectOnePulseMode                   0x08002555   Thumb Code    18  stm32f10x_tim.o(.text)
    TIM_SelectOutputTrigger                  0x08002567   Thumb Code    18  stm32f10x_tim.o(.text)
    TIM_SelectSlaveMode                      0x08002579   Thumb Code    18  stm32f10x_tim.o(.text)
    TIM_SelectMasterSlaveMode                0x0800258b   Thumb Code    18  stm32f10x_tim.o(.text)
    TIM_SetCounter                           0x0800259d   Thumb Code     4  stm32f10x_tim.o(.text)
    TIM_SetAutoreload                        0x080025a1   Thumb Code     4  stm32f10x_tim.o(.text)
    TIM_SetCompare1                          0x080025a5   Thumb Code     4  stm32f10x_tim.o(.text)
    TIM_SetCompare2                          0x080025a9   Thumb Code     4  stm32f10x_tim.o(.text)
    TIM_SetCompare3                          0x080025ad   Thumb Code     4  stm32f10x_tim.o(.text)
    TIM_SetCompare4                          0x080025b1   Thumb Code     6  stm32f10x_tim.o(.text)
    TIM_SetClockDivision                     0x080025b7   Thumb Code    18  stm32f10x_tim.o(.text)
    TIM_GetCapture1                          0x080025c9   Thumb Code     6  stm32f10x_tim.o(.text)
    TIM_GetCapture2                          0x080025cf   Thumb Code     6  stm32f10x_tim.o(.text)
    TIM_GetCapture3                          0x080025d5   Thumb Code     6  stm32f10x_tim.o(.text)
    TIM_GetCapture4                          0x080025db   Thumb Code     8  stm32f10x_tim.o(.text)
    TIM_GetCounter                           0x080025e3   Thumb Code     6  stm32f10x_tim.o(.text)
    TIM_GetPrescaler                         0x080025e9   Thumb Code     6  stm32f10x_tim.o(.text)
    TIM_GetFlagStatus                        0x080025ef   Thumb Code    18  stm32f10x_tim.o(.text)
    TIM_ClearFlag                            0x08002601   Thumb Code     6  stm32f10x_tim.o(.text)
    TIM_GetITStatus                          0x08002607   Thumb Code    34  stm32f10x_tim.o(.text)
    TIM_ClearITPendingBit                    0x08002629   Thumb Code     6  stm32f10x_tim.o(.text)
    delay_us                                 0x0800262f   Thumb Code    52  systick.o(.text)
    delay_ms                                 0x08002663   Thumb Code    54  systick.o(.text)
    usart_init                               0x08002699   Thumb Code   442  usart.o(.text)
    pwm_init                                 0x08002871   Thumb Code   158  pwm.o(.text)
    switch_Init                              0x0800291d   Thumb Code    42  switch.o(.text)
    setMotorAll                              0x0800294d   Thumb Code    24  control.o(.text)
    setCarBase                               0x08002965   Thumb Code    26  control.o(.text)
    getCarStat                               0x0800297f   Thumb Code     6  control.o(.text)
    setCarStat                               0x08002985   Thumb Code     6  control.o(.text)
    setCarStop                               0x0800298b   Thumb Code    16  control.o(.text)
    setCarAdvance                            0x0800299b   Thumb Code    22  control.o(.text)
    setCarBackoff                            0x080029b1   Thumb Code    22  control.o(.text)
    setCarArcBase                            0x080029c7   Thumb Code   130  control.o(.text)
    setCarUpperLeft                          0x08002a49   Thumb Code    22  control.o(.text)
    setCarUpperRight                         0x08002a5f   Thumb Code    22  control.o(.text)
    NMEA_Comma_Pos                           0x08002a85   Thumb Code    50  gps.o(.text)
    NMEA_Pow                                 0x08002ab7   Thumb Code    22  gps.o(.text)
    NMEA_Str2num                             0x08002acd   Thumb Code   246  gps.o(.text)
    NMEA_GPRMC_Analysis                      0x08002bc3   Thumb Code   228  gps.o(.text)
    GPS_Analysis                             0x08002ca7   Thumb Code    16  gps.o(.text)
    TIM7_IRQHandler                          0x08002cc1   Thumb Code    42  timer7.o(.text)
    TIM7_Int_Init                            0x08002ceb   Thumb Code    90  timer7.o(.text)
    strstr                                   0x08002d4d   Thumb Code    44  strstr.o(.text)
    __aeabi_fdiv                             0x08002d79   Thumb Code   128  fdiv.o(.text)
    __aeabi_dadd                             0x08002df9   Thumb Code   318  dadd.o(.text)
    __aeabi_dsub                             0x08002f37   Thumb Code     6  dadd.o(.text)
    __aeabi_drsub                            0x08002f3d   Thumb Code     6  dadd.o(.text)
    __aeabi_dmul                             0x08002f43   Thumb Code   226  dmul.o(.text)
    __aeabi_ddiv                             0x08003025   Thumb Code   222  ddiv.o(.text)
    __aeabi_ui2f                             0x08003103   Thumb Code    10  ffltui.o(.text)
    __aeabi_i2d                              0x0800310d   Thumb Code    34  dflti.o(.text)
    __aeabi_ui2d                             0x0800312f   Thumb Code    26  dfltui.o(.text)
    __aeabi_d2iz                             0x08003149   Thumb Code    62  dfixi.o(.text)
    __aeabi_f2d                              0x08003187   Thumb Code    44  f2d.o(.text)
    __aeabi_uidiv                            0x080031b3   Thumb Code     0  uidiv.o(.text)
    __aeabi_uidivmod                         0x080031b3   Thumb Code    44  uidiv.o(.text)
    __aeabi_uldivmod                         0x080031df   Thumb Code   102  uldiv.o(.text)
    __aeabi_llsl                             0x08003245   Thumb Code    30  llshl.o(.text)
    _ll_shift_l                              0x08003245   Thumb Code     0  llshl.o(.text)
    __aeabi_llsr                             0x08003263   Thumb Code    32  llushr.o(.text)
    _ll_ushift_r                             0x08003263   Thumb Code     0  llushr.o(.text)
    __aeabi_lasr                             0x08003283   Thumb Code    36  llsshr.o(.text)
    _ll_sshift_r                             0x08003283   Thumb Code     0  llsshr.o(.text)
    __I$use$fp                               0x080032a7   Thumb Code     0  iusefp.o(.text)
    _float_round                             0x080032a7   Thumb Code    18  fepilogue.o(.text)
    _float_epilogue                          0x080032b9   Thumb Code    94  fepilogue.o(.text)
    _double_round                            0x08003317   Thumb Code    26  depilogue.o(.text)
    _double_epilogue                         0x08003331   Thumb Code   168  depilogue.o(.text)
    __aeabi_d2ulz                            0x080033d9   Thumb Code    48  dfixul.o(.text)
    __aeabi_cdrcmple                         0x08003409   Thumb Code    38  cdrcmple.o(.text)
    __scatterload                            0x08003431   Thumb Code    28  init.o(.text)
    __scatterload_rt2                        0x08003431   Thumb Code     0  init.o(.text)
    __decompress                             0x08003455   Thumb Code     0  __dczerorl2.o(.text)
    __decompress1                            0x08003455   Thumb Code    92  __dczerorl2.o(.text)
    __0printf                                0x080034b1   Thumb Code    22  printfa.o(i.__0printf)
    __1printf                                0x080034b1   Thumb Code     0  printfa.o(i.__0printf)
    __2printf                                0x080034b1   Thumb Code     0  printfa.o(i.__0printf)
    __c89printf                              0x080034b1   Thumb Code     0  printfa.o(i.__0printf)
    printf                                   0x080034b1   Thumb Code     0  printfa.o(i.__0printf)
    __scatterload_copy                       0x080034d1   Thumb Code    14  handlers.o(i.__scatterload_copy)
    __scatterload_null                       0x080034df   Thumb Code     2  handlers.o(i.__scatterload_null)
    __scatterload_zeroinit                   0x080034e1   Thumb Code    14  handlers.o(i.__scatterload_zeroinit)
    Region$$Table$$Base                      0x08003d6c   Number         0  anon$$obj.o(Region$$Table)
    Region$$Table$$Limit                     0x08003d8c   Number         0  anon$$obj.o(Region$$Table)
    ti_PC6                                   0x20000200   Data           4  main.o(.data)
    ti_PC7                                   0x20000204   Data           4  main.o(.data)
    speed                                    0x20000208   Data           4  main.o(.data)
    val                                      0x2000020c   Data           1  main.o(.data)
    counter_command                          0x20000210   Data           1  stm32f10x_it.o(.data)
    flag_full                                0x20000211   Data           1  stm32f10x_it.o(.data)
    flag_a1                                  0x20000212   Data           1  stm32f10x_it.o(.data)
    flag                                     0x20000213   Data           1  stm32f10x_it.o(.data)
    count                                    0x20000214   Data           1  stm32f10x_it.o(.data)
    new_flag                                 0x20000215   Data           1  stm32f10x_it.o(.data)
    USART2_RX_STA                            0x20000216   Data           2  stm32f10x_it.o(.data)
    MTIflag                                  0x20000218   Data           1  stm32f10x_it.o(.data)
    Gcounter                                 0x20000219   Data           1  stm32f10x_it.o(.data)
    RC_Flag                                  0x2000021a   Data           1  stm32f10x_it.o(.data)
    rx_wr_index                              0x2000021b   Data           1  stm32f10x_it.o(.data)
    recv                                     0x2000021c   Data           1  stm32f10x_it.o(.data)
    f2h_jw                                   0x20000220   Data           4  stm32f10x_it.o(.data)
    aaa                                      0x20000224   Data           4  stm32f10x_it.o(.data)
    ad                                       0x20000228   Data           4  stm32f10x_it.o(.data)
    out                                      0x2000022c   Data           8  stm32f10x_it.o(.data)
    ai                                       0x20000234   Data           1  stm32f10x_it.o(.data)
    as                                       0x20000235   Data           1  stm32f10x_it.o(.data)
    SystemCoreClock                          0x20000238   Data           4  system_stm32f10x.o(.data)
    AHBPrescTable                            0x2000023c   Data          16  system_stm32f10x.o(.data)
    _carStat                                 0x20000260   Data           1  control.o(.data)
    __stdout                                 0x20000264   Data           4  stdout.o(.data)
    receive                                  0x20000268   Data          10  stm32f10x_it.o(.bss)
    rx_buffer                                0x20000272   Data          50  stm32f10x_it.o(.bss)
    Com_data_Recv                            0x200002a4   Data          10  stm32f10x_it.o(.bss)
    Get                                      0x200002ae   Data          26  stm32f10x_it.o(.bss)
    USART2_RX_BUF                            0x200002c8   Data         100  stm32f10x_it.o(.bss)
    USART1_TX_BUF                            0x2000032c   Data         100  stm32f10x_it.o(.bss)
    gpsx                                     0x20000390   Data          13  stm32f10x_it.o(.bss)
    GrevData                                 0x2000039d   Data          19  stm32f10x_it.o(.bss)
    __initial_sp                             0x200007b0   Data           0  startup_stm32f10x_hd.o(STACK)



==============================================================================

Memory Map of the image

  Image Entry point : 0x08000131

  Load Region LR_IROM1 (Base: 0x08000000, Size: 0x00003ff4, Max: 0x00080000, ABSOLUTE, COMPRESSED[0x00003ecc])

    Execution Region ER_IROM1 (Base: 0x08000000, Size: 0x00003d8c, Max: 0x00080000, ABSOLUTE)

    Base Addr    Size         Type   Attr      Idx    E Section Name        Object

    0x08000000   0x00000130   Data   RO          319    RESET               startup_stm32f10x_hd.o
    0x08000130   0x00000000   Code   RO          632  * .ARM.Collect$$$$00000000  mc_w.l(entry.o)
    0x08000130   0x00000004   Code   RO          916    .ARM.Collect$$$$00000001  mc_w.l(entry2.o)
    0x08000134   0x00000004   Code   RO          919    .ARM.Collect$$$$00000004  mc_w.l(entry5.o)
    0x08000138   0x00000008   Code   RO          920    .ARM.Collect$$$$00000007  mc_w.l(entry7.o)
    0x08000140   0x00000004   Code   RO          917    .ARM.Collect$$$$00002712  mc_w.l(entry2.o)
    0x08000144   0x0000059c   Code   RO            1    .text               main.o
    0x080006e0   0x00000278   Code   RO          146    .text               stm32f10x_it.o
    0x08000958   0x000001c8   Code   RO          280    .text               system_stm32f10x.o
    0x08000b20   0x00000024   Code   RO          320    .text               startup_stm32f10x_hd.o
    0x08000b44   0x00000358   Code   RO          324    .text               stm32f10x_gpio.o
    0x08000e9c   0x000003a4   Code   RO          336    .text               stm32f10x_rcc.o
    0x08001240   0x0000040c   Code   RO          350    .text               stm32f10x_usart.o
    0x0800164c   0x000000f8   Code   RO          362    .text               misc.o
    0x08001744   0x0000013c   Code   RO          374    .text               stm32f10x_exti.o
    0x08001880   0x00000dae   Code   RO          386    .text               stm32f10x_tim.o
    0x0800262e   0x0000006a   Code   RO          431    .text               systick.o
    0x08002698   0x000001d8   Code   RO          461    .text               usart.o
    0x08002870   0x000000ac   Code   RO          525    .text               pwm.o
    0x0800291c   0x00000030   Code   RO          540    .text               switch.o
    0x0800294c   0x00000138   Code   RO          555    .text               control.o
    0x08002a84   0x0000023c   Code   RO          588    .text               gps.o
    0x08002cc0   0x0000008c   Code   RO          613    .text               timer7.o
    0x08002d4c   0x0000002c   Code   RO          635    .text               mc_w.l(strstr.o)
    0x08002d78   0x00000080   Code   RO          898    .text               mf_w.l(fdiv.o)
    0x08002df8   0x0000014a   Code   RO          900    .text               mf_w.l(dadd.o)
    0x08002f42   0x000000e2   Code   RO          902    .text               mf_w.l(dmul.o)
    0x08003024   0x000000de   Code   RO          904    .text               mf_w.l(ddiv.o)
    0x08003102   0x0000000a   Code   RO          906    .text               mf_w.l(ffltui.o)
    0x0800310c   0x00000022   Code   RO          908    .text               mf_w.l(dflti.o)
    0x0800312e   0x0000001a   Code   RO          910    .text               mf_w.l(dfltui.o)
    0x08003148   0x0000003e   Code   RO          912    .text               mf_w.l(dfixi.o)
    0x08003186   0x0000002c   Code   RO          914    .text               mf_w.l(f2d.o)
    0x080031b2   0x0000002c   Code   RO          922    .text               mc_w.l(uidiv.o)
    0x080031de   0x00000066   Code   RO          924    .text               mc_w.l(uldiv.o)
    0x08003244   0x0000001e   Code   RO          926    .text               mc_w.l(llshl.o)
    0x08003262   0x00000020   Code   RO          928    .text               mc_w.l(llushr.o)
    0x08003282   0x00000024   Code   RO          930    .text               mc_w.l(llsshr.o)
    0x080032a6   0x00000000   Code   RO          932    .text               mc_w.l(iusefp.o)
    0x080032a6   0x00000070   Code   RO          933    .text               mf_w.l(fepilogue.o)
    0x08003316   0x000000c2   Code   RO          935    .text               mf_w.l(depilogue.o)
    0x080033d8   0x00000030   Code   RO          937    .text               mf_w.l(dfixul.o)
    0x08003408   0x00000028   Code   RO          939    .text               mf_w.l(cdrcmple.o)
    0x08003430   0x00000024   Code   RO          941    .text               mc_w.l(init.o)
    0x08003454   0x0000005c   Code   RO          951    .text               mc_w.l(__dczerorl2.o)
    0x080034b0   0x00000020   Code   RO          870    i.__0printf         mc_w.l(printfa.o)
    0x080034d0   0x0000000e   Code   RO          945    i.__scatterload_copy  mc_w.l(handlers.o)
    0x080034de   0x00000002   Code   RO          946    i.__scatterload_null  mc_w.l(handlers.o)
    0x080034e0   0x0000000e   Code   RO          947    i.__scatterload_zeroinit  mc_w.l(handlers.o)
    0x080034ee   0x00000002   PAD
    0x080034f0   0x00000154   Code   RO          877    i._fp_digits        mc_w.l(printfa.o)
    0x08003644   0x000006d4   Code   RO          878    i._printf_core      mc_w.l(printfa.o)
    0x08003d18   0x00000026   Code   RO          879    i._printf_post_padding  mc_w.l(printfa.o)
    0x08003d3e   0x0000002e   Code   RO          880    i._printf_pre_padding  mc_w.l(printfa.o)
    0x08003d6c   0x00000020   Data   RO          943    Region$$Table       anon$$obj.o


    Execution Region RW_IRAM1 (Base: 0x20000000, Size: 0x000007b0, Max: 0x00010000, ABSOLUTE, COMPRESSED[0x00000140])

    Base Addr    Size         Type   Attr      Idx    E Section Name        Object

    0x20000000   0x0000020d   Data   RW            2    .data               main.o
    0x2000020d   0x00000003   PAD
    0x20000210   0x00000026   Data   RW          148    .data               stm32f10x_it.o
    0x20000236   0x00000002   PAD
    0x20000238   0x00000014   Data   RW          281    .data               system_stm32f10x.o
    0x2000024c   0x00000014   Data   RW          337    .data               stm32f10x_rcc.o
    0x20000260   0x00000001   Data   RW          556    .data               control.o
    0x20000261   0x00000003   PAD
    0x20000264   0x00000004   Data   RW          921    .data               mc_w.l(stdout.o)
    0x20000268   0x00000148   Zero   RW          147    .bss                stm32f10x_it.o
    0x200003b0   0x00000400   Zero   RW          317    STACK               startup_stm32f10x_hd.o


==============================================================================

Image component sizes


      Code (inc. data)   RO Data    RW Data    ZI Data      Debug   Object Name

       312         16          0          1          0       2748   control.o
         0          0          0          0          0         32   core_cm3.o
       572         10          0          0          0       2860   gps.o
      1436        210          0        525          0     211445   main.o
       248         30          0          0          0       1881   misc.o
       172         14          0          0          0        623   pwm.o
        36          8        304          0       1024        780   startup_stm32f10x_hd.o
       316         28          0          0          0       2331   stm32f10x_exti.o
       856         40          0          0          0       5805   stm32f10x_gpio.o
       632         72          0         38        328     255392   stm32f10x_it.o
       932         52          0         20          0       8984   stm32f10x_rcc.o
      3502         86          0          0          0      22976   stm32f10x_tim.o
      1036         20          0          0          0       8556   stm32f10x_usart.o
        48          6          0          0          0        474   switch.o
       456         36          0         20          0       1999   system_stm32f10x.o
       106          0          0          0          0        676   systick.o
       140          8          0          0          0        768   timer7.o
       472         30          0          0          0        785   usart.o

    ----------------------------------------------------------------------
     11272        666        336        612       1352     529115   Object Totals
         0          0         32          0          0          0   (incl. Generated)
         0          0          0          8          0          1   (incl. Padding)

    ----------------------------------------------------------------------

      Code (inc. data)   RO Data    RW Data    ZI Data      Debug   Library Member Name

        92          0          0          0          0          0   __dczerorl2.o
         0          0          0          0          0          0   entry.o
         8          4          0          0          0          0   entry2.o
         4          0          0          0          0          0   entry5.o
         8          4          0          0          0          0   entry7.o
        30          0          0          0          0          0   handlers.o
        36          8          0          0          0         68   init.o
         0          0          0          0          0          0   iusefp.o
        30          0          0          0          0         68   llshl.o
        36          0          0          0          0         68   llsshr.o
        32          0          0          0          0         68   llushr.o
      2204         92          0          0          0        460   printfa.o
         0          0          0          4          0          0   stdout.o
        44          0          0          0          0         80   strstr.o
        44          0          0          0          0         80   uidiv.o
       102          0          0          0          0         92   uldiv.o
        40          2          0          0          0         68   cdrcmple.o
       330          0          0          0          0        148   dadd.o
       222          0          0          0          0        100   ddiv.o
       194          0          0          0          0        184   depilogue.o
        62          0          0          0          0         80   dfixi.o
        48          0          0          0          0         68   dfixul.o
        34          0          0          0          0         76   dflti.o
        26          0          0          0          0         76   dfltui.o
       226          0          0          0          0         96   dmul.o
        44          0          0          0          0         68   f2d.o
       128          0          0          0          0         88   fdiv.o
       112          0          0          0          0        168   fepilogue.o
        10          0          0          0          0         68   ffltui.o

    ----------------------------------------------------------------------
      4148        110          0          4          0       2272   Library Totals
         2          0          0          0          0          0   (incl. Padding)

    ----------------------------------------------------------------------

      Code (inc. data)   RO Data    RW Data    ZI Data      Debug   Library Name

      2670        108          0          4          0        984   mc_w.l
      1476          2          0          0          0       1288   mf_w.l

    ----------------------------------------------------------------------
      4148        110          0          4          0       2272   Library Totals

    ----------------------------------------------------------------------

==============================================================================


      Code (inc. data)   RO Data    RW Data    ZI Data      Debug   

     15420        776        336        616       1352     528684   Grand Totals
     15420        776        336        320       1352     528684   ELF Image Totals (compressed)
     15420        776        336        320          0          0   ROM Totals

==============================================================================

    Total RO  Size (Code + RO Data)                15756 (  15.39kB)
    Total RW  Size (RW Data + ZI Data)              1968 (   1.92kB)
    Total ROM Size (Code + RO Data + RW Data)      16076 (  15.70kB)

==============================================================================

