<html>
<body>
<pre>
<h1>礦ision Build Log</h1>
<h2>Project:</h2>
F:\GitHubFiles\onboard-control-multi\ship1-large\Onboard_Control.uvproj
Project File Date:  11/25/2016

<h2>Output:</h2>
Build target 'Target 1'
compiling main.c...
user\main.c(177): warning:  #167-D: argument of type "unsigned char *" is incompatible with parameter of type "char *"
user\main.c(178): warning:  #167-D: argument of type "unsigned char *" is incompatible with parameter of type "char *"
compiling control.c...
linking...
Program Size: Code=15420 RO-data=336 RW-data=616 ZI-data=1352  
FromELF: creating hex file...
".\output\工程模板.axf" - 0 Error(s), 2 Warning(s).
Build target 'Target 1'
linking...
Program Size: Code=15420 RO-data=336 RW-data=616 ZI-data=1352  
FromELF: creating hex file...
".\output\工程模板.axf" - 0 Error(s), 0 Warning(s).
